// Jest Snapshot v1, https://goo.gl/fbAQLP

exports[`Test Button Snapshots should match snapshots with label 1`] = `
<button>
  Button
</button>
`;
